d:\usf\cis 4930 001 spring 2024 demo\cis 4930 001 spring 2024 demo\x64\debug\cis 4930 001 spring 2024 project1.pch
d:\usf\cis 4930 001 spring 2024 demo\cis 4930 001 spring 2024 demo\x64\debug\vc143.pdb
d:\usf\cis 4930 001 spring 2024 demo\cis 4930 001 spring 2024 demo\x64\debug\pch.obj
d:\usf\cis 4930 001 spring 2024 demo\cis 4930 001 spring 2024 demo\x64\debug\form_stockpicker.obj
d:\usf\cis 4930 001 spring 2024 demo\cis 4930 001 spring 2024 demo\x64\debug\cppclr_winformsproject.obj
d:\usf\cis 4930 001 spring 2024 demo\cis 4930 001 spring 2024 demo\x64\debug\candlestick.obj
d:\usf\cis 4930 001 spring 2024 demo\cis 4930 001 spring 2024 demo\x64\debug\assemblyinfo.obj
d:\usf\cis 4930 001 spring 2024 demo\cis 4930 001 spring 2024 demo\x64\debug\.netframework,version=v4.7.2.assemblyattributes.obj
d:\usf\cis 4930 001 spring 2024 demo\cis 4930 001 spring 2024 demo\x64\debug\smartcandlestick.obj
d:\usf\cis 4930 001 spring 2024 demo\x64\debug\cis 4930 001 spring 2024 project1.exe
d:\usf\cis 4930 001 spring 2024 demo\x64\debug\cis 4930 001 spring 2024 project1.pdb
d:\usf\cis 4930 001 spring 2024 demo\cis 4930 001 spring 2024 demo\x64\debug\app.res
d:\usf\cis 4930 001 spring 2024 demo\cis 4930 001 spring 2024 demo\x64\debug\cis 4930.5d3c2263.tlog\cl.command.1.tlog
d:\usf\cis 4930 001 spring 2024 demo\cis 4930 001 spring 2024 demo\x64\debug\cis 4930.5d3c2263.tlog\cl.items.tlog
d:\usf\cis 4930 001 spring 2024 demo\cis 4930 001 spring 2024 demo\x64\debug\cis 4930.5d3c2263.tlog\cl.read.1.tlog
d:\usf\cis 4930 001 spring 2024 demo\cis 4930 001 spring 2024 demo\x64\debug\cis 4930.5d3c2263.tlog\cl.write.1.tlog
d:\usf\cis 4930 001 spring 2024 demo\cis 4930 001 spring 2024 demo\x64\debug\cis 4930.5d3c2263.tlog\link.command.1.tlog
d:\usf\cis 4930 001 spring 2024 demo\cis 4930 001 spring 2024 demo\x64\debug\cis 4930.5d3c2263.tlog\link.read.1.tlog
d:\usf\cis 4930 001 spring 2024 demo\cis 4930 001 spring 2024 demo\x64\debug\cis 4930.5d3c2263.tlog\link.write.1.tlog
d:\usf\cis 4930 001 spring 2024 demo\cis 4930 001 spring 2024 demo\x64\debug\cis 4930.5d3c2263.tlog\metagen.read.1.tlog
d:\usf\cis 4930 001 spring 2024 demo\cis 4930 001 spring 2024 demo\x64\debug\cis 4930.5d3c2263.tlog\metagen.write.1.tlog
d:\usf\cis 4930 001 spring 2024 demo\cis 4930 001 spring 2024 demo\x64\debug\cis 4930.5d3c2263.tlog\rc.command.1.tlog
d:\usf\cis 4930 001 spring 2024 demo\cis 4930 001 spring 2024 demo\x64\debug\cis 4930.5d3c2263.tlog\rc.read.1.tlog
d:\usf\cis 4930 001 spring 2024 demo\cis 4930 001 spring 2024 demo\x64\debug\cis 4930.5d3c2263.tlog\rc.write.1.tlog
d:\usf\cis 4930 001 spring 2024 demo\cis 4930 001 spring 2024 demo\x64\debug\cis 4930.5d3c2263.tlog\resgen.command.1.tlog
d:\usf\cis 4930 001 spring 2024 demo\cis 4930 001 spring 2024 demo\x64\debug\cis 4930.5d3c2263.tlog\resgen.read.1.tlog
d:\usf\cis 4930 001 spring 2024 demo\cis 4930 001 spring 2024 demo\x64\debug\cis 4930.5d3c2263.tlog\resgen.write.1.tlog
