c:\users\voban\source\repos\cppclr_winformsproject1\cppclr_winformsproject1\x64\debug\cppclr_winformsproject1.pch
c:\users\voban\source\repos\cppclr_winformsproject1\cppclr_winformsproject1\x64\debug\vc143.pdb
c:\users\voban\source\repos\cppclr_winformsproject1\cppclr_winformsproject1\x64\debug\pch.obj
c:\users\voban\source\repos\cppclr_winformsproject1\cppclr_winformsproject1\x64\debug\smartcandlestick.obj
c:\users\voban\source\repos\cppclr_winformsproject1\cppclr_winformsproject1\x64\debug\form1.obj
c:\users\voban\source\repos\cppclr_winformsproject1\cppclr_winformsproject1\x64\debug\cppclr_winformsproject.obj
c:\users\voban\source\repos\cppclr_winformsproject1\cppclr_winformsproject1\x64\debug\candllestick.obj
c:\users\voban\source\repos\cppclr_winformsproject1\cppclr_winformsproject1\x64\debug\assemblyinfo.obj
c:\users\voban\source\repos\cppclr_winformsproject1\cppclr_winformsproject1\x64\debug\.netframework,version=v4.7.2.assemblyattributes.obj
c:\users\voban\source\repos\cppclr_winformsproject1\cppclr_winformsproject1\x64\debug\recognizer_peak.obj
c:\users\voban\source\repos\cppclr_winformsproject1\cppclr_winformsproject1\x64\debug\recognizer_neutral.obj
c:\users\voban\source\repos\cppclr_winformsproject1\cppclr_winformsproject1\x64\debug\recognizer_marubozu.obj
c:\users\voban\source\repos\cppclr_winformsproject1\cppclr_winformsproject1\x64\debug\recognizer_hammer.obj
c:\users\voban\source\repos\cppclr_winformsproject1\cppclr_winformsproject1\x64\debug\recognizer_gravestone_doji.obj
c:\users\voban\source\repos\cppclr_winformsproject1\cppclr_winformsproject1\x64\debug\recognizer_dragonfly_doji.obj
c:\users\voban\source\repos\cppclr_winformsproject1\cppclr_winformsproject1\x64\debug\recognizer_doji.obj
c:\users\voban\source\repos\cppclr_winformsproject1\cppclr_winformsproject1\x64\debug\recognizer_bullishharami.obj
c:\users\voban\source\repos\cppclr_winformsproject1\cppclr_winformsproject1\x64\debug\recognizer_bullishengulfing.obj
c:\users\voban\source\repos\cppclr_winformsproject1\cppclr_winformsproject1\x64\debug\recognizer_bullish.obj
c:\users\voban\source\repos\cppclr_winformsproject1\cppclr_winformsproject1\x64\debug\recognizer_bearishharami.obj
c:\users\voban\source\repos\cppclr_winformsproject1\cppclr_winformsproject1\x64\debug\recognizer_bearishengulfing.obj
c:\users\voban\source\repos\cppclr_winformsproject1\cppclr_winformsproject1\x64\debug\recognizer_bearish.obj
c:\users\voban\source\repos\cppclr_winformsproject1\cppclr_winformsproject1\x64\debug\recognizer.obj
c:\users\voban\source\repos\cppclr_winformsproject1\cppclr_winformsproject1\x64\debug\recognizer_valley.obj
c:\users\voban\source\repos\cppclr_winformsproject1\x64\debug\cppclr_winformsproject1.exe
c:\users\voban\source\repos\cppclr_winformsproject1\x64\debug\cppclr_winformsproject1.pdb
c:\users\voban\source\repos\cppclr_winformsproject1\cppclr_winformsproject1\x64\debug\app.res
c:\users\voban\source\repos\cppclr_winformsproject1\cppclr_winformsproject1\x64\debug\cppclr_winformsproject1.exe.metagen
c:\users\voban\source\repos\cppclr_winformsproject1\cppclr_winformsproject1\x64\debug\cppclr_w.55c45e16.tlog\cl.command.1.tlog
c:\users\voban\source\repos\cppclr_winformsproject1\cppclr_winformsproject1\x64\debug\cppclr_w.55c45e16.tlog\cl.items.tlog
c:\users\voban\source\repos\cppclr_winformsproject1\cppclr_winformsproject1\x64\debug\cppclr_w.55c45e16.tlog\cl.read.1.tlog
c:\users\voban\source\repos\cppclr_winformsproject1\cppclr_winformsproject1\x64\debug\cppclr_w.55c45e16.tlog\cl.write.1.tlog
c:\users\voban\source\repos\cppclr_winformsproject1\cppclr_winformsproject1\x64\debug\cppclr_w.55c45e16.tlog\link.command.1.tlog
c:\users\voban\source\repos\cppclr_winformsproject1\cppclr_winformsproject1\x64\debug\cppclr_w.55c45e16.tlog\link.read.1.tlog
c:\users\voban\source\repos\cppclr_winformsproject1\cppclr_winformsproject1\x64\debug\cppclr_w.55c45e16.tlog\link.write.1.tlog
c:\users\voban\source\repos\cppclr_winformsproject1\cppclr_winformsproject1\x64\debug\cppclr_w.55c45e16.tlog\metagen.read.1.tlog
c:\users\voban\source\repos\cppclr_winformsproject1\cppclr_winformsproject1\x64\debug\cppclr_w.55c45e16.tlog\metagen.write.1.tlog
c:\users\voban\source\repos\cppclr_winformsproject1\cppclr_winformsproject1\x64\debug\cppclr_w.55c45e16.tlog\rc.command.1.tlog
c:\users\voban\source\repos\cppclr_winformsproject1\cppclr_winformsproject1\x64\debug\cppclr_w.55c45e16.tlog\rc.read.1.tlog
c:\users\voban\source\repos\cppclr_winformsproject1\cppclr_winformsproject1\x64\debug\cppclr_w.55c45e16.tlog\rc.write.1.tlog
c:\users\voban\source\repos\cppclr_winformsproject1\cppclr_winformsproject1\x64\debug\cppclr_w.55c45e16.tlog\resgen.command.1.tlog
c:\users\voban\source\repos\cppclr_winformsproject1\cppclr_winformsproject1\x64\debug\cppclr_w.55c45e16.tlog\resgen.read.1.tlog
c:\users\voban\source\repos\cppclr_winformsproject1\cppclr_winformsproject1\x64\debug\cppclr_w.55c45e16.tlog\resgen.write.1.tlog
