c:\users\diya\desktop\cis4930_c++\cis4930_c++\project 3\project3_oop\cppclr_winformsproject1\x64\debug\project3_oop.pch
c:\users\diya\desktop\cis4930_c++\cis4930_c++\project 3\project3_oop\cppclr_winformsproject1\x64\debug\vc143.pdb
c:\users\diya\desktop\cis4930_c++\cis4930_c++\project 3\project3_oop\cppclr_winformsproject1\x64\debug\pch.obj
c:\users\diya\desktop\cis4930_c++\cis4930_c++\project 3\project3_oop\cppclr_winformsproject1\x64\debug\smartcandlestick.obj
c:\users\diya\desktop\cis4930_c++\cis4930_c++\project 3\project3_oop\cppclr_winformsproject1\x64\debug\recognizer_valley.obj
c:\users\diya\desktop\cis4930_c++\cis4930_c++\project 3\project3_oop\cppclr_winformsproject1\x64\debug\recognizer_peak.obj
c:\users\diya\desktop\cis4930_c++\cis4930_c++\project 3\project3_oop\cppclr_winformsproject1\x64\debug\recognizer_neutral.obj
c:\users\diya\desktop\cis4930_c++\cis4930_c++\project 3\project3_oop\cppclr_winformsproject1\x64\debug\recognizer_marubozu.obj
c:\users\diya\desktop\cis4930_c++\cis4930_c++\project 3\project3_oop\cppclr_winformsproject1\x64\debug\recognizer_hammer.obj
c:\users\diya\desktop\cis4930_c++\cis4930_c++\project 3\project3_oop\cppclr_winformsproject1\x64\debug\recognizer_gravestone_doji.obj
c:\users\diya\desktop\cis4930_c++\cis4930_c++\project 3\project3_oop\cppclr_winformsproject1\x64\debug\recognizer_dragonfly_doji.obj
c:\users\diya\desktop\cis4930_c++\cis4930_c++\project 3\project3_oop\cppclr_winformsproject1\x64\debug\recognizer_doji.obj
c:\users\diya\desktop\cis4930_c++\cis4930_c++\project 3\project3_oop\cppclr_winformsproject1\x64\debug\recognizer_bullishharami.obj
c:\users\diya\desktop\cis4930_c++\cis4930_c++\project 3\project3_oop\cppclr_winformsproject1\x64\debug\recognizer_bullishengulfing.obj
c:\users\diya\desktop\cis4930_c++\cis4930_c++\project 3\project3_oop\cppclr_winformsproject1\x64\debug\recognizer_bullish.obj
c:\users\diya\desktop\cis4930_c++\cis4930_c++\project 3\project3_oop\cppclr_winformsproject1\x64\debug\recognizer_bearishharami.obj
c:\users\diya\desktop\cis4930_c++\cis4930_c++\project 3\project3_oop\cppclr_winformsproject1\x64\debug\recognizer_bearishengulfing.obj
c:\users\diya\desktop\cis4930_c++\cis4930_c++\project 3\project3_oop\cppclr_winformsproject1\x64\debug\recognizer_bearish.obj
c:\users\diya\desktop\cis4930_c++\cis4930_c++\project 3\project3_oop\cppclr_winformsproject1\x64\debug\recognizer.obj
c:\users\diya\desktop\cis4930_c++\cis4930_c++\project 3\project3_oop\cppclr_winformsproject1\x64\debug\form1.obj
c:\users\diya\desktop\cis4930_c++\cis4930_c++\project 3\project3_oop\cppclr_winformsproject1\x64\debug\cppclr_winformsproject.obj
c:\users\diya\desktop\cis4930_c++\cis4930_c++\project 3\project3_oop\cppclr_winformsproject1\x64\debug\candlestick.obj
c:\users\diya\desktop\cis4930_c++\cis4930_c++\project 3\project3_oop\cppclr_winformsproject1\x64\debug\assemblyinfo.obj
c:\users\diya\desktop\cis4930_c++\cis4930_c++\project 3\project3_oop\cppclr_winformsproject1\x64\debug\.netframework,version=v4.7.2.assemblyattributes.obj
c:\users\diya\desktop\cis4930_c++\cis4930_c++\project 3\project3_oop\x64\debug\project3_oop.exe
c:\users\diya\desktop\cis4930_c++\cis4930_c++\project 3\project3_oop\x64\debug\project3_oop.pdb
c:\users\diya\desktop\cis4930_c++\cis4930_c++\project 3\project3_oop\cppclr_winformsproject1\x64\debug\app.res
c:\users\diya\desktop\cis4930_c++\cis4930_c++\project 3\project3_oop\cppclr_winformsproject1\x64\debug\project3_oop.tlog\cl.command.1.tlog
c:\users\diya\desktop\cis4930_c++\cis4930_c++\project 3\project3_oop\cppclr_winformsproject1\x64\debug\project3_oop.tlog\cl.items.tlog
c:\users\diya\desktop\cis4930_c++\cis4930_c++\project 3\project3_oop\cppclr_winformsproject1\x64\debug\project3_oop.tlog\cl.read.1.tlog
c:\users\diya\desktop\cis4930_c++\cis4930_c++\project 3\project3_oop\cppclr_winformsproject1\x64\debug\project3_oop.tlog\cl.write.1.tlog
c:\users\diya\desktop\cis4930_c++\cis4930_c++\project 3\project3_oop\cppclr_winformsproject1\x64\debug\project3_oop.tlog\link.command.1.tlog
c:\users\diya\desktop\cis4930_c++\cis4930_c++\project 3\project3_oop\cppclr_winformsproject1\x64\debug\project3_oop.tlog\link.read.1.tlog
c:\users\diya\desktop\cis4930_c++\cis4930_c++\project 3\project3_oop\cppclr_winformsproject1\x64\debug\project3_oop.tlog\link.secondary.1.tlog
c:\users\diya\desktop\cis4930_c++\cis4930_c++\project 3\project3_oop\cppclr_winformsproject1\x64\debug\project3_oop.tlog\link.write.1.tlog
c:\users\diya\desktop\cis4930_c++\cis4930_c++\project 3\project3_oop\cppclr_winformsproject1\x64\debug\project3_oop.tlog\metagen.read.1.tlog
c:\users\diya\desktop\cis4930_c++\cis4930_c++\project 3\project3_oop\cppclr_winformsproject1\x64\debug\project3_oop.tlog\metagen.write.1.tlog
c:\users\diya\desktop\cis4930_c++\cis4930_c++\project 3\project3_oop\cppclr_winformsproject1\x64\debug\project3_oop.tlog\rc.command.1.tlog
c:\users\diya\desktop\cis4930_c++\cis4930_c++\project 3\project3_oop\cppclr_winformsproject1\x64\debug\project3_oop.tlog\rc.read.1.tlog
c:\users\diya\desktop\cis4930_c++\cis4930_c++\project 3\project3_oop\cppclr_winformsproject1\x64\debug\project3_oop.tlog\rc.write.1.tlog
c:\users\diya\desktop\cis4930_c++\cis4930_c++\project 3\project3_oop\cppclr_winformsproject1\x64\debug\project3_oop.tlog\resgen.command.1.tlog
c:\users\diya\desktop\cis4930_c++\cis4930_c++\project 3\project3_oop\cppclr_winformsproject1\x64\debug\project3_oop.tlog\resgen.read.1.tlog
c:\users\diya\desktop\cis4930_c++\cis4930_c++\project 3\project3_oop\cppclr_winformsproject1\x64\debug\project3_oop.tlog\resgen.write.1.tlog
